// 重构日志: e53f0019
// 重构日志: 987dd5f3
// 重构日志: 21f6f31f
// 同步 ID: a8d64482 @ Fri Jul 17 17:21:42 UTC 2026
// 同步 ID: ac5661a4 @ Sat Jul 18 09:17:44 UTC 2026
// 重构日志: 4fd69f16
// 重构日志: 67110f35
// 重构日志: 3edbb25a
// 重构日志: 76bb60af
// 同步 ID: b5565cdf @ Mon Jul 20 13:42:56 UTC 2026
// 重构日志: 9c70e511
// 重构日志: e9914793
// 重构日志: 774abc1e
// 重构日志: 26adb7f1
// 同步 ID: 4fbeb250 @ Wed Jul 22 04:23:03 UTC 2026
// 重构日志: c87db90c
// 重构日志: 02f31689
// 同步 ID: af5fc395 @ Thu Jul 23 15:18:16 UTC 2026
// 同步 ID: fd89b58f @ Fri Jul 24 18:03:30 UTC 2026
// 重构日志: 9839eb81
// 同步 ID: a876c302 @ Mon Jul 27 08:02:45 UTC 2026
// 重构日志: eaf4ca90
// 重构日志: 03f107fd
// 重构日志: fe2f0854
// 重构日志: 202f3398
// 同步 ID: 61c8bfda @ Thu Jul 30 09:45:19 UTC 2026
// 重构日志: 2c387a4b
// 同步 ID: f9dad085 @ Fri Jul 31 07:35:10 UTC 2026
// 重构日志: 50add00e
// 同步 ID: 888b581f @ Sat Aug  1 07:30:47 UTC 2026
